{
  "version": "1.5.0",
  "plugins_used": [
    {
      "name": "ArtifactoryDetector"
    },
    {
      "name": "AWSKeyDetector"
    },
    {
      "name": "AzureStorageKeyDetector"
    },
    {
      "name": "Base64HighEntropyString",
      "limit": 4.5
    },
    {
      "name": "BasicAuthDetector"
    },
    {
      "name": "CloudantDetector"
    },
    {
      "name": "DiscordBotTokenDetector"
    },
    {
      "name": "GitHubTokenDetector"
    },
    {
      "name": "GitLabTokenDetector"
    },
    {
      "name": "HexHighEntropyString",
      "limit": 3.0
    },
    {
      "name": "IbmCloudIamDetector"
    },
    {
      "name": "IbmCosHmacDetector"
    },
    {
      "name": "IPPublicDetector"
    },
    {
      "name": "JwtTokenDetector"
    },
    {
      "name": "KeywordDetector",
      "keyword_exclude": ""
    },
    {
      "name": "MailchimpDetector"
    },
    {
      "name": "NpmDetector"
    },
    {
      "name": "OpenAIDetector"
    },
    {
      "name": "PrivateKeyDetector"
    },
    {
      "name": "PypiTokenDetector"
    },
    {
      "name": "SendGridDetector"
    },
    {
      "name": "SlackDetector"
    },
    {
      "name": "SoftlayerDetector"
    },
    {
      "name": "SquareOAuthDetector"
    },
    {
      "name": "StripeDetector"
    },
    {
      "name": "TelegramBotTokenDetector"
    },
    {
      "name": "TwilioKeyDetector"
    }
  ],
  "filters_used": [
    {
      "path": "detect_secrets.filters.allowlist.is_line_allowlisted"
    },
    {
      "path": "detect_secrets.filters.common.is_baseline_file",
      "filename": ".secrets.baseline"
    },
    {
      "path": "detect_secrets.filters.common.is_ignored_due_to_verification_policies",
      "min_level": 2
    },
    {
      "path": "detect_secrets.filters.heuristic.is_indirect_reference"
    },
    {
      "path": "detect_secrets.filters.heuristic.is_likely_id_string"
    },
    {
      "path": "detect_secrets.filters.heuristic.is_lock_file"
    },
    {
      "path": "detect_secrets.filters.heuristic.is_not_alphanumeric_string"
    },
    {
      "path": "detect_secrets.filters.heuristic.is_potential_uuid"
    },
    {
      "path": "detect_secrets.filters.heuristic.is_prefixed_with_dollar_sign"
    },
    {
      "path": "detect_secrets.filters.heuristic.is_sequential_string"
    },
    {
      "path": "detect_secrets.filters.heuristic.is_swagger_file"
    },
    {
      "path": "detect_secrets.filters.heuristic.is_templated_secret"
    }
  ],
  "results": {
    "docs/config/index.md": [
      {
        "type": "Secret Keyword",
        "filename": "docs/config/index.md",
        "hashed_secret": "a219d7693c25cd2d93313512e200ff3eb374d281",
        "is_verified": false,
        "line_number": 102
      }
    ],
    "src/robotsix_llmio/core/_otel.py": [
      {
        "type": "Secret Keyword",
        "filename": "src/robotsix_llmio/core/_otel.py",
        "hashed_secret": "c91e52495e3e0a5594539a1eaaf9cbed7e259426",
        "is_verified": false,
        "line_number": 45
      }
    ],
    "src/robotsix_llmio/openrouter/provider.py": [
      {
        "type": "Secret Keyword",
        "filename": "src/robotsix_llmio/openrouter/provider.py",
        "hashed_secret": "96133e4265d7a277409c8094e5eff6a41934cf07",
        "is_verified": false,
        "line_number": 24
      }
    ],
    "src/robotsix_llmio/refdocs/_settings.py": [
      {
        "type": "Secret Keyword",
        "filename": "src/robotsix_llmio/refdocs/_settings.py",
        "hashed_secret": "e400510c1825f9d0a3836fab57c0683fc9f55554",
        "is_verified": false,
        "line_number": 11
      }
    ],
    "tests/config/test_config_factory.py": [
      {
        "type": "Secret Keyword",
        "filename": "tests/config/test_config_factory.py",
        "hashed_secret": "018272c071582b2e8497546be539c1600fa57f20",
        "is_verified": false,
        "line_number": 83
      },
      {
        "type": "Secret Keyword",
        "filename": "tests/config/test_config_factory.py",
        "hashed_secret": "0d1919ff4eebc7af7ee04381259deedc059369aa",
        "is_verified": false,
        "line_number": 93
      }
    ],
    "tests/core/conftest.py": [
      {
        "type": "Secret Keyword",
        "filename": "tests/core/conftest.py",
        "hashed_secret": "920a25ef686c4f7ca6ad23dd109d3ad653161832",
        "is_verified": false,
        "line_number": 167
      }
    ],
    "tests/core/test_core_tier_fallback.py": [
      {
        "type": "Secret Keyword",
        "filename": "tests/core/test_core_tier_fallback.py",
        "hashed_secret": "0eaefc8ebe00bda15d65b20b0739bc2a6546e909",
        "is_verified": false,
        "line_number": 65
      }
    ],
    "tests/core/test_factory.py": [
      {
        "type": "Secret Keyword",
        "filename": "tests/core/test_factory.py",
        "hashed_secret": "3acfb2c2b433c0ea7ff107e33df91b18e52f960f",
        "is_verified": false,
        "line_number": 35
      }
    ],
    "tests/core/test_factory_levels.py": [
      {
        "type": "Secret Keyword",
        "filename": "tests/core/test_factory_levels.py",
        "hashed_secret": "c90d12605e54bb170750c389f6f9fef4a389d4f4",
        "is_verified": false,
        "line_number": 88
      },
      {
        "type": "Secret Keyword",
        "filename": "tests/core/test_factory_levels.py",
        "hashed_secret": "79c7f5f85aeb6d5866dd79c32b2cf63b63233bc7",
        "is_verified": false,
        "line_number": 92
      },
      {
        "type": "Secret Keyword",
        "filename": "tests/core/test_factory_levels.py",
        "hashed_secret": "a45c2264b8cab0f1e0637f6c44501c0f34f7e227",
        "is_verified": false,
        "line_number": 193
      }
    ],
    "tests/core/test_langfuse_async_client.py": [
      {
        "type": "Secret Keyword",
        "filename": "tests/core/test_langfuse_async_client.py",
        "hashed_secret": "920a25ef686c4f7ca6ad23dd109d3ad653161832",
        "is_verified": false,
        "line_number": 29
      }
    ],
    "tests/core/test_langfuse_client.py": [
      {
        "type": "Secret Keyword",
        "filename": "tests/core/test_langfuse_client.py",
        "hashed_secret": "920a25ef686c4f7ca6ad23dd109d3ad653161832",
        "is_verified": false,
        "line_number": 24
      }
    ],
    "tests/core/test_otel.py": [
      {
        "type": "Secret Keyword",
        "filename": "tests/core/test_otel.py",
        "hashed_secret": "c91e52495e3e0a5594539a1eaaf9cbed7e259426",
        "is_verified": false,
        "line_number": 48
      }
    ],
    "tests/core/test_tracing.py": [
      {
        "type": "Secret Keyword",
        "filename": "tests/core/test_tracing.py",
        "hashed_secret": "016fdd806c67e8ee048bd07cf14281b3cd75d618",
        "is_verified": false,
        "line_number": 247
      },
      {
        "type": "Secret Keyword",
        "filename": "tests/core/test_tracing.py",
        "hashed_secret": "a206f3f345f6d0a874bd77e72cbbd87f642b3cce",
        "is_verified": false,
        "line_number": 296
      },
      {
        "type": "Secret Keyword",
        "filename": "tests/core/test_tracing.py",
        "hashed_secret": "e9a5f12a8ecbb3eb46eca5096b5c52aa5e7c9fdd",
        "is_verified": false,
        "line_number": 370
      },
      {
        "type": "Secret Keyword",
        "filename": "tests/core/test_tracing.py",
        "hashed_secret": "262d0544bc0890cd93a47ce54093a07fccb3a8cd",
        "is_verified": false,
        "line_number": 430
      }
    ],
    "tests/openrouter/test_openrouter_provider.py": [
      {
        "type": "Secret Keyword",
        "filename": "tests/openrouter/test_openrouter_provider.py",
        "hashed_secret": "e9a5f12a8ecbb3eb46eca5096b5c52aa5e7c9fdd",
        "is_verified": false,
        "line_number": 43
      },
      {
        "type": "Secret Keyword",
        "filename": "tests/openrouter/test_openrouter_provider.py",
        "hashed_secret": "404bd906aa687b0616c881ddbd92ffee4cfba91a",
        "is_verified": false,
        "line_number": 52
      }
    ],
    "tests/openrouter/test_openrouter_provider_cost.py": [
      {
        "type": "Secret Keyword",
        "filename": "tests/openrouter/test_openrouter_provider_cost.py",
        "hashed_secret": "1902e3d6fc4e78a0bcc50ba12b882769afbf4a8c",
        "is_verified": false,
        "line_number": 117
      }
    ],
    "tests/refdocs/test_refdocs.py": [
      {
        "type": "Secret Keyword",
        "filename": "tests/refdocs/test_refdocs.py",
        "hashed_secret": "0d1919ff4eebc7af7ee04381259deedc059369aa",
        "is_verified": false,
        "line_number": 221
      },
      {
        "type": "Secret Keyword",
        "filename": "tests/refdocs/test_refdocs.py",
        "hashed_secret": "bea2f7b64fab8d1d414d0449530b1e088d36d5b1",
        "is_verified": false,
        "line_number": 227
      }
    ]
  },
  "generated_at": "2026-07-29T13:03:04Z"
}
