{
  "version": "1.5.0",
  "plugins_used": [
    {
      "name": "ArtifactoryDetector"
    },
    {
      "name": "AWSKeyDetector"
    },
    {
      "name": "AzureStorageKeyDetector"
    },
    {
      "name": "Base64HighEntropyString",
      "limit": 4.5
    },
    {
      "name": "BasicAuthDetector"
    },
    {
      "name": "CloudantDetector"
    },
    {
      "name": "DiscordBotTokenDetector"
    },
    {
      "name": "GitHubTokenDetector"
    },
    {
      "name": "GitLabTokenDetector"
    },
    {
      "name": "HexHighEntropyString",
      "limit": 3.0
    },
    {
      "name": "IbmCloudIamDetector"
    },
    {
      "name": "IbmCosHmacDetector"
    },
    {
      "name": "IPPublicDetector"
    },
    {
      "name": "JwtTokenDetector"
    },
    {
      "name": "KeywordDetector",
      "keyword_exclude": ""
    },
    {
      "name": "MailchimpDetector"
    },
    {
      "name": "NpmDetector"
    },
    {
      "name": "OpenAIDetector"
    },
    {
      "name": "PrivateKeyDetector"
    },
    {
      "name": "PypiTokenDetector"
    },
    {
      "name": "SendGridDetector"
    },
    {
      "name": "SlackDetector"
    },
    {
      "name": "SoftlayerDetector"
    },
    {
      "name": "SquareOAuthDetector"
    },
    {
      "name": "StripeDetector"
    },
    {
      "name": "TelegramBotTokenDetector"
    },
    {
      "name": "TwilioKeyDetector"
    }
  ],
  "filters_used": [
    {
      "path": "detect_secrets.filters.allowlist.is_line_allowlisted"
    },
    {
      "path": "detect_secrets.filters.common.is_baseline_file",
      "filename": ".secrets.baseline"
    },
    {
      "path": "detect_secrets.filters.common.is_ignored_due_to_verification_policies",
      "min_level": 2
    },
    {
      "path": "detect_secrets.filters.heuristic.is_indirect_reference"
    },
    {
      "path": "detect_secrets.filters.heuristic.is_likely_id_string"
    },
    {
      "path": "detect_secrets.filters.heuristic.is_lock_file"
    },
    {
      "path": "detect_secrets.filters.heuristic.is_not_alphanumeric_string"
    },
    {
      "path": "detect_secrets.filters.heuristic.is_potential_uuid"
    },
    {
      "path": "detect_secrets.filters.heuristic.is_prefixed_with_dollar_sign"
    },
    {
      "path": "detect_secrets.filters.heuristic.is_sequential_string"
    },
    {
      "path": "detect_secrets.filters.heuristic.is_swagger_file"
    },
    {
      "path": "detect_secrets.filters.heuristic.is_templated_secret"
    }
  ],
  "results": {
    "tests/core/test_core_cost_log.py": [
      {
        "type": "Secret Keyword",
        "filename": "tests/core/test_core_cost_log.py",
        "hashed_secret": "920a25ef686c4f7ca6ad23dd109d3ad653161832",
        "is_verified": false,
        "line_number": 47
      }
    ],
    "tests/core/test_tracing.py": [
      {
        "type": "Secret Keyword",
        "filename": "tests/core/test_tracing.py",
        "hashed_secret": "016fdd806c67e8ee048bd07cf14281b3cd75d618",
        "is_verified": false,
        "line_number": 199
      },
      {
        "type": "Secret Keyword",
        "filename": "tests/core/test_tracing.py",
        "hashed_secret": "a206f3f345f6d0a874bd77e72cbbd87f642b3cce",
        "is_verified": false,
        "line_number": 245
      }
    ],
    "tests/openrouter/test_openrouter_provider.py": [
      {
        "type": "Secret Keyword",
        "filename": "tests/openrouter/test_openrouter_provider.py",
        "hashed_secret": "e9a5f12a8ecbb3eb46eca5096b5c52aa5e7c9fdd",
        "is_verified": false,
        "line_number": 39
      },
      {
        "type": "Secret Keyword",
        "filename": "tests/openrouter/test_openrouter_provider.py",
        "hashed_secret": "404bd906aa687b0616c881ddbd92ffee4cfba91a",
        "is_verified": false,
        "line_number": 48
      }
    ],
    "tests/openrouter/test_openrouter_provider_cost.py": [
      {
        "type": "Secret Keyword",
        "filename": "tests/openrouter/test_openrouter_provider_cost.py",
        "hashed_secret": "1902e3d6fc4e78a0bcc50ba12b882769afbf4a8c",
        "is_verified": false,
        "line_number": 141
      }
    ]
  },
  "generated_at": "2026-07-03T15:19:17Z"
}
